2026-03-13T04:31:41.774-05:00  INFO 6660 --- [restartedMain] c.c.u.g.back.BackApplication             : Starting BackApplication using Java 17.0.18 with PID 6660 (C:\Users\roy-j\OneDrive\Desktop\Proyecto Ingenieria de Sistemas\GestionResiduosBack\GestionResiduosBack\target\classes started by roy-j in C:\Users\roy-j\OneDrive\Desktop\Proyecto Ingenieria de Sistemas\GestionResiduosBack\GestionResiduosBack)
2026-03-13T04:31:41.776-05:00  INFO 6660 --- [restartedMain] c.c.u.g.back.BackApplication             : No active profile set, falling back to 1 default profile: "default"
2026-03-13T04:31:43.800-05:00  INFO 6660 --- [restartedMain] o.apache.catalina.core.StandardService   : Starting service [Tomcat]
2026-03-13T04:31:43.802-05:00  INFO 6660 --- [restartedMain] o.apache.catalina.core.StandardEngine    : Starting Servlet engine: [Apache Tomcat/10.1.41]
2026-03-13T04:31:43.866-05:00  INFO 6660 --- [restartedMain] o.a.c.c.C.[Tomcat].[localhost].[/]       : Initializing Spring embedded WebApplicationContext
2026-03-13T04:31:44.588-05:00  INFO 6660 --- [restartedMain] com.zaxxer.hikari.HikariDataSource       : HikariPool-1 - Starting...
2026-03-13T04:31:44.833-05:00  INFO 6660 --- [restartedMain] com.zaxxer.hikari.pool.HikariPool        : HikariPool-1 - Added connection org.postgresql.jdbc.PgConnection@705bfb77
2026-03-13T04:31:44.835-05:00  INFO 6660 --- [restartedMain] com.zaxxer.hikari.HikariDataSource       : HikariPool-1 - Start completed.
2026-03-13T04:31:44.901-05:00  WARN 6660 --- [restartedMain] org.hibernate.orm.deprecation            : HHH90000025: PostgreSQLDialect does not need to be specified explicitly using 'hibernate.dialect' (remove the property setting and it will be selected by default)
2026-03-13T04:31:46.348-05:00  WARN 6660 --- [restartedMain] JpaBaseConfiguration$JpaWebConfiguration : spring.jpa.open-in-view is enabled by default. Therefore, database queries may be performed during view rendering. Explicitly configure spring.jpa.open-in-view to disable this warning
2026-03-13T04:31:47.013-05:00  INFO 6660 --- [restartedMain] c.c.u.g.back.BackApplication             : Started BackApplication in 5.813 seconds (process running for 9.928)
2026-03-13T04:32:02.052-05:00  INFO 6660 --- [http-nio-8080-exec-2] o.a.c.c.C.[Tomcat].[localhost].[/]       : Initializing Spring DispatcherServlet 'dispatcherServlet'
2026-03-13T04:32:02.197-05:00  WARN 6660 --- [http-nio-8080-exec-2] .m.m.a.ExceptionHandlerExceptionResolver : Resolved [org.springframework.web.bind.MethodArgumentNotValidException: Validation failed for argument [0] in public org.springframework.http.ResponseEntity<com.co.ucentral.gestionResiduos.back.auth.AuthResponse> com.co.ucentral.gestionResiduos.back.auth.AuthController.register(com.co.ucentral.gestionResiduos.back.auth.RegisterRequest) with 7 errors: [Field error in object 'registerRequest' on field 'email': rejected value [null]; codes [NotBlank.registerRequest.email,NotBlank.email,NotBlank.java.lang.String,NotBlank]; arguments [org.springframework.context.support.DefaultMessageSourceResolvable: codes [registerRequest.email,email]; arguments []; default message [email]]; default message [El email es obligatorio]] [Field error in object 'registerRequest' on field 'name': rejected value [null]; codes [NotBlank.registerRequest.name,NotBlank.name,NotBlank.java.lang.String,NotBlank]; arguments [org.springframework.context.support.DefaultMessageSourceResolvable: codes [registerRequest.name,name]; arguments []; default message [name]]; default message [El nombre es obligatorio]] [Field error in object 'registerRequest' on field 'password': rejected value [null]; codes [NotBlank.registerRequest.password,NotBlank.password,NotBlank.java.lang.String,NotBlank]; arguments [org.springframework.context.support.DefaultMessageSourceResolvable: codes [registerRequest.password,password]; arguments []; default message [password]]; default message [La contraseña es obligatoria]] [Field error in object 'registerRequest' on field 'lastName': rejected value [null]; codes [NotBlank.registerRequest.lastName,NotBlank.lastName,NotBlank.java.lang.String,NotBlank]; arguments [org.springframework.context.support.DefaultMessageSourceResolvable: codes [registerRequest.lastName,lastName]; arguments []; default message [lastName]]; default message [El apellido es obligatorio]] [Field error in object 'registerRequest' on field 'phoneNumber': rejected value [null]; codes [NotBlank.registerRequest.phoneNumber,NotBlank.phoneNumber,NotBlank.java.lang.String,NotBlank]; arguments [org.springframework.context.support.DefaultMessageSourceResolvable: codes [registerRequest.phoneNumber,phoneNumber]; arguments []; default message [phoneNumber]]; default message [El número de teléfono es obligatorio]] [Field error in object 'registerRequest' on field 'city': rejected value [null]; codes [NotBlank.registerRequest.city,NotBlank.city,NotBlank.java.lang.String,NotBlank]; arguments [org.springframework.context.support.DefaultMessageSourceResolvable: codes [registerRequest.city,city]; arguments []; default message [city]]; default message [La ciudad es obligatoria]] [Field error in object 'registerRequest' on field 'address': rejected value [null]; codes [NotBlank.registerRequest.address,NotBlank.address,NotBlank.java.lang.String,NotBlank]; arguments [org.springframework.context.support.DefaultMessageSourceResolvable: codes [registerRequest.address,address]; arguments []; default message [address]]; default message [La dirección es obligatoria]] ]
2026-03-13T04:34:11.963-05:00  INFO 6660 --- [SpringApplicationShutdownHook] com.zaxxer.hikari.HikariDataSource       : HikariPool-1 - Shutdown initiated...
2026-03-13T04:34:11.966-05:00  INFO 6660 --- [SpringApplicationShutdownHook] com.zaxxer.hikari.HikariDataSource       : HikariPool-1 - Shutdown completed.
2026-03-13T04:34:16.024-05:00  INFO 16912 --- [restartedMain] c.c.u.g.back.BackApplication             : Starting BackApplication using Java 17.0.18 with PID 16912 (C:\Users\roy-j\OneDrive\Desktop\Proyecto Ingenieria de Sistemas\GestionResiduosBack\GestionResiduosBack\target\classes started by roy-j in C:\Users\roy-j\OneDrive\Desktop\Proyecto Ingenieria de Sistemas\GestionResiduosBack\GestionResiduosBack)
2026-03-13T04:34:16.028-05:00  INFO 16912 --- [restartedMain] c.c.u.g.back.BackApplication             : No active profile set, falling back to 1 default profile: "default"
2026-03-13T04:34:17.822-05:00  INFO 16912 --- [restartedMain] o.apache.catalina.core.StandardService   : Starting service [Tomcat]
2026-03-13T04:34:17.822-05:00  INFO 16912 --- [restartedMain] o.apache.catalina.core.StandardEngine    : Starting Servlet engine: [Apache Tomcat/10.1.41]
2026-03-13T04:34:17.907-05:00  INFO 16912 --- [restartedMain] o.a.c.c.C.[Tomcat].[localhost].[/]       : Initializing Spring embedded WebApplicationContext
2026-03-13T04:34:18.605-05:00  INFO 16912 --- [restartedMain] com.zaxxer.hikari.HikariDataSource       : HikariPool-1 - Starting...
2026-03-13T04:34:18.792-05:00  INFO 16912 --- [restartedMain] com.zaxxer.hikari.pool.HikariPool        : HikariPool-1 - Added connection org.postgresql.jdbc.PgConnection@e42323c
2026-03-13T04:34:18.794-05:00  INFO 16912 --- [restartedMain] com.zaxxer.hikari.HikariDataSource       : HikariPool-1 - Start completed.
2026-03-13T04:34:18.823-05:00  WARN 16912 --- [restartedMain] org.hibernate.orm.deprecation            : HHH90000025: PostgreSQLDialect does not need to be specified explicitly using 'hibernate.dialect' (remove the property setting and it will be selected by default)
2026-03-13T04:34:20.364-05:00  WARN 16912 --- [restartedMain] JpaBaseConfiguration$JpaWebConfiguration : spring.jpa.open-in-view is enabled by default. Therefore, database queries may be performed during view rendering. Explicitly configure spring.jpa.open-in-view to disable this warning
2026-03-13T04:34:21.013-05:00  INFO 16912 --- [restartedMain] c.c.u.g.back.BackApplication             : Started BackApplication in 5.627 seconds (process running for 6.16)
2026-03-13T04:34:25.899-05:00  INFO 16912 --- [http-nio-8080-exec-1] o.a.c.c.C.[Tomcat].[localhost].[/]       : Initializing Spring DispatcherServlet 'dispatcherServlet'
2026-03-13T04:34:26.100-05:00  INFO 16912 --- [http-nio-8080-exec-1] c.c.u.g.back.auth.AuthService            : Intentando registrar usuario con email: juan.perez@example.com
2026-03-13T04:34:26.588-05:00  INFO 16912 --- [http-nio-8080-exec-1] c.c.u.g.back.auth.AuthService            : Email no encontrado, procediendo con registro. Total usuarios en BD: 0
2026-03-13T04:34:26.737-05:00  WARN 16912 --- [http-nio-8080-exec-1] o.h.engine.jdbc.spi.SqlExceptionHelper   : SQL Error: 0, SQLState: 23502
2026-03-13T04:34:26.738-05:00 ERROR 16912 --- [http-nio-8080-exec-1] o.h.engine.jdbc.spi.SqlExceptionHelper   : ERROR: null value in column "id_role" of relation "users" violates not-null constraint
  Detail: Failing row contains (1005740911, Calle 123 #45-67, Bogotá, 2026-03-13, juan.perez@example.com, Pérez, Juan, $2a$10$qsD69g1vWVYwF3VPvFMUVeehHrCva2ClD0huuPVXz8Vc9XynQogH., 3001234567, 0, null, null, null).
2026-03-13T04:34:26.780-05:00  WARN 16912 --- [http-nio-8080-exec-1] .m.m.a.ExceptionHandlerExceptionResolver : Resolved [org.springframework.dao.DataIntegrityViolationException: could not execute statement [ERROR: null value in column "id_role" of relation "users" violates not-null constraint<EOL>  Detail: Failing row contains (1005740911, Calle 123 #45-67, Bogotá, 2026-03-13, juan.perez@example.com, Pérez, Juan, $2a$10$qsD69g1vWVYwF3VPvFMUVeehHrCva2ClD0huuPVXz8Vc9XynQogH., 3001234567, 0, null, null, null).] [insert into users (address,city,created_at,email,last_name,name,password,phone_number,points,profile_picture_url,state,id) values (?,?,?,?,?,?,?,?,?,?,?,?)]; SQL [insert into users (address,city,created_at,email,last_name,name,password,phone_number,points,profile_picture_url,state,id) values (?,?,?,?,?,?,?,?,?,?,?,?)]; constraint [id_role" of relation "users]]
2026-03-13T04:37:24.761-05:00  INFO 16912 --- [SpringApplicationShutdownHook] com.zaxxer.hikari.HikariDataSource       : HikariPool-1 - Shutdown initiated...
2026-03-13T04:37:24.765-05:00  INFO 16912 --- [SpringApplicationShutdownHook] com.zaxxer.hikari.HikariDataSource       : HikariPool-1 - Shutdown completed.
2026-03-13T04:37:32.693-05:00  INFO 11140 --- [restartedMain] c.c.u.g.back.BackApplication             : Starting BackApplication using Java 17.0.18 with PID 11140 (C:\Users\roy-j\OneDrive\Desktop\Proyecto Ingenieria de Sistemas\GestionResiduosBack\GestionResiduosBack\target\classes started by roy-j in C:\Users\roy-j\OneDrive\Desktop\Proyecto Ingenieria de Sistemas\GestionResiduosBack\GestionResiduosBack)
2026-03-13T04:37:32.696-05:00  INFO 11140 --- [restartedMain] c.c.u.g.back.BackApplication             : No active profile set, falling back to 1 default profile: "default"
2026-03-13T04:37:34.516-05:00  INFO 11140 --- [restartedMain] o.apache.catalina.core.StandardService   : Starting service [Tomcat]
2026-03-13T04:37:34.517-05:00  INFO 11140 --- [restartedMain] o.apache.catalina.core.StandardEngine    : Starting Servlet engine: [Apache Tomcat/10.1.41]
2026-03-13T04:37:34.583-05:00  INFO 11140 --- [restartedMain] o.a.c.c.C.[Tomcat].[localhost].[/]       : Initializing Spring embedded WebApplicationContext
2026-03-13T04:37:35.232-05:00  INFO 11140 --- [restartedMain] com.zaxxer.hikari.HikariDataSource       : HikariPool-1 - Starting...
2026-03-13T04:37:35.432-05:00  INFO 11140 --- [restartedMain] com.zaxxer.hikari.pool.HikariPool        : HikariPool-1 - Added connection org.postgresql.jdbc.PgConnection@294d7ac1
2026-03-13T04:37:35.434-05:00  INFO 11140 --- [restartedMain] com.zaxxer.hikari.HikariDataSource       : HikariPool-1 - Start completed.
2026-03-13T04:37:35.466-05:00  WARN 11140 --- [restartedMain] org.hibernate.orm.deprecation            : HHH90000025: PostgreSQLDialect does not need to be specified explicitly using 'hibernate.dialect' (remove the property setting and it will be selected by default)
2026-03-13T04:37:36.921-05:00  WARN 11140 --- [restartedMain] JpaBaseConfiguration$JpaWebConfiguration : spring.jpa.open-in-view is enabled by default. Therefore, database queries may be performed during view rendering. Explicitly configure spring.jpa.open-in-view to disable this warning
2026-03-13T04:37:37.516-05:00  INFO 11140 --- [restartedMain] c.c.u.g.back.BackApplication             : Started BackApplication in 5.386 seconds (process running for 6.476)
2026-03-13T04:37:42.308-05:00  INFO 11140 --- [http-nio-8080-exec-1] o.a.c.c.C.[Tomcat].[localhost].[/]       : Initializing Spring DispatcherServlet 'dispatcherServlet'
2026-03-13T04:37:42.481-05:00  WARN 11140 --- [http-nio-8080-exec-1] .m.m.a.ExceptionHandlerExceptionResolver : Resolved [org.springframework.http.converter.HttpMessageNotReadableException: JSON parse error: Unexpected character ('"' (code 34)): was expecting comma to separate Object entries]
2026-03-13T04:38:01.257-05:00  INFO 11140 --- [http-nio-8080-exec-4] c.c.u.g.back.auth.AuthService            : Intentando registrar usuario con email: juan.perez@example.com
2026-03-13T04:38:01.742-05:00  INFO 11140 --- [http-nio-8080-exec-4] c.c.u.g.back.auth.AuthService            : Email no encontrado, procediendo con registro. Total usuarios en BD: 0
2026-03-13T04:38:11.452-05:00  INFO 11140 --- [http-nio-8080-exec-6] c.c.u.g.back.auth.AuthService            : Intentando registrar usuario con email: juan.perez@example.com
2026-03-13T04:38:11.457-05:00  WARN 11140 --- [http-nio-8080-exec-6] c.c.u.g.back.auth.AuthService            : Email ya registrado: juan.perez@example.com
2026-03-13T04:38:11.461-05:00  WARN 11140 --- [http-nio-8080-exec-6] .m.m.a.ExceptionHandlerExceptionResolver : Resolved [com.co.ucentral.gestionResiduos.back.exception.EmailAlreadyExistsException: El email ya está registrado]
2026-03-13T04:38:23.475-05:00  INFO 11140 --- [http-nio-8080-exec-7] c.c.u.g.back.auth.AuthService            : Intentando registrar usuario con email: juan.perez2@example.com
2026-03-13T04:38:23.481-05:00  INFO 11140 --- [http-nio-8080-exec-7] c.c.u.g.back.auth.AuthService            : Email no encontrado, procediendo con registro. Total usuarios en BD: 1
2026-03-13T04:39:19.231-05:00  INFO 11140 --- [SpringApplicationShutdownHook] com.zaxxer.hikari.HikariDataSource       : HikariPool-1 - Shutdown initiated...
2026-03-13T04:39:19.233-05:00  INFO 11140 --- [SpringApplicationShutdownHook] com.zaxxer.hikari.HikariDataSource       : HikariPool-1 - Shutdown completed.
2026-03-13T04:40:52.392-05:00  INFO 13108 --- [restartedMain] c.c.u.g.back.BackApplication             : Starting BackApplication using Java 17.0.18 with PID 13108 (C:\Users\roy-j\OneDrive\Desktop\Proyecto Ingenieria de Sistemas\GestionResiduosBack\GestionResiduosBack\target\classes started by roy-j in C:\Users\roy-j\OneDrive\Desktop\Proyecto Ingenieria de Sistemas\GestionResiduosBack\GestionResiduosBack)
2026-03-13T04:40:52.394-05:00  INFO 13108 --- [restartedMain] c.c.u.g.back.BackApplication             : No active profile set, falling back to 1 default profile: "default"
2026-03-13T04:40:54.147-05:00  INFO 13108 --- [restartedMain] o.apache.catalina.core.StandardService   : Starting service [Tomcat]
2026-03-13T04:40:54.148-05:00  INFO 13108 --- [restartedMain] o.apache.catalina.core.StandardEngine    : Starting Servlet engine: [Apache Tomcat/10.1.41]
2026-03-13T04:40:54.214-05:00  INFO 13108 --- [restartedMain] o.a.c.c.C.[Tomcat].[localhost].[/]       : Initializing Spring embedded WebApplicationContext
2026-03-13T04:40:54.923-05:00  INFO 13108 --- [restartedMain] com.zaxxer.hikari.HikariDataSource       : HikariPool-1 - Starting...
2026-03-13T04:40:55.156-05:00  INFO 13108 --- [restartedMain] com.zaxxer.hikari.pool.HikariPool        : HikariPool-1 - Added connection org.postgresql.jdbc.PgConnection@995bf55
2026-03-13T04:40:55.158-05:00  INFO 13108 --- [restartedMain] com.zaxxer.hikari.HikariDataSource       : HikariPool-1 - Start completed.
2026-03-13T04:40:55.209-05:00  WARN 13108 --- [restartedMain] org.hibernate.orm.deprecation            : HHH90000025: PostgreSQLDialect does not need to be specified explicitly using 'hibernate.dialect' (remove the property setting and it will be selected by default)
2026-03-13T04:40:56.839-05:00  WARN 13108 --- [restartedMain] JpaBaseConfiguration$JpaWebConfiguration : spring.jpa.open-in-view is enabled by default. Therefore, database queries may be performed during view rendering. Explicitly configure spring.jpa.open-in-view to disable this warning
2026-03-13T04:40:57.713-05:00  INFO 13108 --- [restartedMain] c.c.u.g.back.BackApplication             : Started BackApplication in 5.884 seconds (process running for 6.398)
2026-03-13T04:40:59.087-05:00  INFO 13108 --- [http-nio-8080-exec-2] o.a.c.c.C.[Tomcat].[localhost].[/]       : Initializing Spring DispatcherServlet 'dispatcherServlet'
2026-03-13T04:40:59.268-05:00  INFO 13108 --- [http-nio-8080-exec-2] c.c.u.g.back.auth.AuthService            : Intentando registrar usuario con email: juan.perez2@example.com
2026-03-13T04:40:59.348-05:00  WARN 13108 --- [http-nio-8080-exec-2] c.c.u.g.back.auth.AuthService            : ID ya registrado: 1005740911
2026-03-13T04:40:59.375-05:00  WARN 13108 --- [http-nio-8080-exec-2] .m.m.a.ExceptionHandlerExceptionResolver : Resolved [java.lang.RuntimeException: El ID ya está registrado]
2026-03-13T04:45:28.233-05:00  INFO 13108 --- [SpringApplicationShutdownHook] com.zaxxer.hikari.HikariDataSource       : HikariPool-1 - Shutdown initiated...
2026-03-13T04:45:28.235-05:00  INFO 13108 --- [SpringApplicationShutdownHook] com.zaxxer.hikari.HikariDataSource       : HikariPool-1 - Shutdown completed.
2026-03-13T04:45:32.471-05:00  INFO 22396 --- [restartedMain] c.c.u.g.back.BackApplication             : Starting BackApplication using Java 17.0.18 with PID 22396 (C:\Users\roy-j\OneDrive\Desktop\Proyecto Ingenieria de Sistemas\GestionResiduosBack\GestionResiduosBack\target\classes started by roy-j in C:\Users\roy-j\OneDrive\Desktop\Proyecto Ingenieria de Sistemas\GestionResiduosBack\GestionResiduosBack)
2026-03-13T04:45:32.473-05:00  INFO 22396 --- [restartedMain] c.c.u.g.back.BackApplication             : No active profile set, falling back to 1 default profile: "default"
2026-03-13T04:45:34.290-05:00  INFO 22396 --- [restartedMain] o.apache.catalina.core.StandardService   : Starting service [Tomcat]
2026-03-13T04:45:34.290-05:00  INFO 22396 --- [restartedMain] o.apache.catalina.core.StandardEngine    : Starting Servlet engine: [Apache Tomcat/10.1.41]
2026-03-13T04:45:34.359-05:00  INFO 22396 --- [restartedMain] o.a.c.c.C.[Tomcat].[localhost].[/]       : Initializing Spring embedded WebApplicationContext
2026-03-13T04:45:35.052-05:00  INFO 22396 --- [restartedMain] com.zaxxer.hikari.HikariDataSource       : HikariPool-1 - Starting...
2026-03-13T04:45:35.346-05:00  INFO 22396 --- [restartedMain] com.zaxxer.hikari.pool.HikariPool        : HikariPool-1 - Added connection org.postgresql.jdbc.PgConnection@291c2fa5
2026-03-13T04:45:35.349-05:00  INFO 22396 --- [restartedMain] com.zaxxer.hikari.HikariDataSource       : HikariPool-1 - Start completed.
2026-03-13T04:45:35.386-05:00  WARN 22396 --- [restartedMain] org.hibernate.orm.deprecation            : HHH90000025: PostgreSQLDialect does not need to be specified explicitly using 'hibernate.dialect' (remove the property setting and it will be selected by default)
2026-03-13T04:45:36.874-05:00  WARN 22396 --- [restartedMain] JpaBaseConfiguration$JpaWebConfiguration : spring.jpa.open-in-view is enabled by default. Therefore, database queries may be performed during view rendering. Explicitly configure spring.jpa.open-in-view to disable this warning
2026-03-13T04:45:37.533-05:00  INFO 22396 --- [restartedMain] c.c.u.g.back.BackApplication             : Started BackApplication in 5.67 seconds (process running for 6.199)
2026-03-13T04:47:00.320-05:00  INFO 22396 --- [http-nio-8080-exec-2] o.a.c.c.C.[Tomcat].[localhost].[/]       : Initializing Spring DispatcherServlet 'dispatcherServlet'
2026-03-13T04:47:00.503-05:00  INFO 22396 --- [http-nio-8080-exec-2] c.c.u.g.back.auth.AuthService            : Intentando registrar usuario con email: juan.perez2@example.com
2026-03-13T04:47:00.676-05:00  WARN 22396 --- [http-nio-8080-exec-2] c.c.u.g.back.auth.AuthService            : Email ya registrado: juan.perez2@example.com
2026-03-13T04:47:00.713-05:00  WARN 22396 --- [http-nio-8080-exec-2] .m.m.a.ExceptionHandlerExceptionResolver : Resolved [com.co.ucentral.gestionResiduos.back.exception.EmailAlreadyExistsException: El email ya está registrado]
2026-03-13T04:47:11.414-05:00  INFO 22396 --- [http-nio-8080-exec-3] c.c.u.g.back.auth.AuthService            : Intentando registrar usuario con email: juan.perez22@example.com
2026-03-13T04:47:11.424-05:00  WARN 22396 --- [http-nio-8080-exec-3] c.c.u.g.back.auth.AuthService            : Número de teléfono ya registrado: 3001234567
2026-03-13T04:47:11.426-05:00  WARN 22396 --- [http-nio-8080-exec-3] .m.m.a.ExceptionHandlerExceptionResolver : Resolved [com.co.ucentral.gestionResiduos.back.exception.PhoneAlreadyExistsException: El número de teléfono ya está registrado]
2026-03-13T04:47:15.097-05:00  INFO 22396 --- [http-nio-8080-exec-4] c.c.u.g.back.auth.AuthService            : Intentando registrar usuario con email: juan.perez22@example.com
2026-03-13T04:47:15.418-05:00  INFO 22396 --- [http-nio-8080-exec-4] c.c.u.g.back.auth.AuthService            : Validaciones pasadas, procediendo con registro. Total usuarios en BD: 1
2026-03-13T04:48:16.345-05:00  WARN 22396 --- [http-nio-8080-exec-7] .w.s.m.s.DefaultHandlerExceptionResolver : Resolved [org.springframework.web.HttpRequestMethodNotSupportedException: Request method 'POST' is not supported]
2026-03-13T04:49:11.158-05:00  INFO 22396 --- [SpringApplicationShutdownHook] com.zaxxer.hikari.HikariDataSource       : HikariPool-1 - Shutdown initiated...
2026-03-13T04:49:11.160-05:00  INFO 22396 --- [SpringApplicationShutdownHook] com.zaxxer.hikari.HikariDataSource       : HikariPool-1 - Shutdown completed.
2026-03-13T04:49:15.059-05:00  INFO 22352 --- [restartedMain] c.c.u.g.back.BackApplication             : Starting BackApplication using Java 17.0.18 with PID 22352 (C:\Users\roy-j\OneDrive\Desktop\Proyecto Ingenieria de Sistemas\GestionResiduosBack\GestionResiduosBack\target\classes started by roy-j in C:\Users\roy-j\OneDrive\Desktop\Proyecto Ingenieria de Sistemas\GestionResiduosBack\GestionResiduosBack)
2026-03-13T04:49:15.062-05:00  INFO 22352 --- [restartedMain] c.c.u.g.back.BackApplication             : No active profile set, falling back to 1 default profile: "default"
2026-03-13T04:49:16.677-05:00  INFO 22352 --- [restartedMain] o.apache.catalina.core.StandardService   : Starting service [Tomcat]
2026-03-13T04:49:16.678-05:00  INFO 22352 --- [restartedMain] o.apache.catalina.core.StandardEngine    : Starting Servlet engine: [Apache Tomcat/10.1.41]
2026-03-13T04:49:16.747-05:00  INFO 22352 --- [restartedMain] o.a.c.c.C.[Tomcat].[localhost].[/]       : Initializing Spring embedded WebApplicationContext
2026-03-13T04:49:17.372-05:00  INFO 22352 --- [restartedMain] com.zaxxer.hikari.HikariDataSource       : HikariPool-1 - Starting...
2026-03-13T04:49:17.538-05:00  INFO 22352 --- [restartedMain] com.zaxxer.hikari.pool.HikariPool        : HikariPool-1 - Added connection org.postgresql.jdbc.PgConnection@1ccd3379
2026-03-13T04:49:17.539-05:00  INFO 22352 --- [restartedMain] com.zaxxer.hikari.HikariDataSource       : HikariPool-1 - Start completed.
2026-03-13T04:49:17.573-05:00  WARN 22352 --- [restartedMain] org.hibernate.orm.deprecation            : HHH90000025: PostgreSQLDialect does not need to be specified explicitly using 'hibernate.dialect' (remove the property setting and it will be selected by default)
2026-03-13T04:49:18.935-05:00  WARN 22352 --- [restartedMain] JpaBaseConfiguration$JpaWebConfiguration : spring.jpa.open-in-view is enabled by default. Therefore, database queries may be performed during view rendering. Explicitly configure spring.jpa.open-in-view to disable this warning
2026-03-13T04:49:19.530-05:00  INFO 22352 --- [restartedMain] c.c.u.g.back.BackApplication             : Started BackApplication in 5.006 seconds (process running for 5.494)
2026-03-13T04:49:24.762-05:00  INFO 22352 --- [http-nio-8080-exec-1] o.a.c.c.C.[Tomcat].[localhost].[/]       : Initializing Spring DispatcherServlet 'dispatcherServlet'
2026-03-13T04:49:24.952-05:00  WARN 22352 --- [http-nio-8080-exec-1] .m.m.a.ExceptionHandlerExceptionResolver : Resolved [org.springframework.web.HttpRequestMethodNotSupportedException: Request method 'POST' is not supported]
2026-03-13T04:49:44.873-05:00  INFO 22352 --- [SpringApplicationShutdownHook] com.zaxxer.hikari.HikariDataSource       : HikariPool-1 - Shutdown initiated...
2026-03-13T04:49:44.875-05:00  INFO 22352 --- [SpringApplicationShutdownHook] com.zaxxer.hikari.HikariDataSource       : HikariPool-1 - Shutdown completed.
